
D:\GIT_DEMO>git clone https://github.com/bharathsaik06/july26.git
Cloning into 'july26'...
remote: Enumerating objects: 10, done.
remote: Counting objects: 100% (10/10), done.
remote: Compressing objects: 100% (6/6), done.
remote: Total 10 (delta 0), reused 0 (delta 0), pack-reused 0
Receiving objects: 100% (10/10), done.

D:\GIT_DEMO>cd july26

D:\GIT_DEMO\july26>git status
On branch main
Your branch is up to date with 'origin/main'.

Untracked files:
  (use "git add <file>..." to include in what will be committed)        my new file.txt

nothing added to commit but untracked files present (use "git add" to track)

D:\GIT_DEMO\july26>git add -A

D:\GIT_DEMO\july26>git status
On branch main
Your branch is up to date with 'origin/main'.

Changes to be committed:
  (use "git restore --staged <file>..." to unstage)
        new file:   my new file.txt


D:\GIT_DEMO\july26> git commit -m "created a new file"
[main d1487b2] created a new file
 1 file changed, 0 insertions(+), 0 deletions(-)
 create mode 100644 my new file.txt

D:\GIT_DEMO\july26>git push origin main